[2026-06-17T18:05:01.811Z] GET https://www.yulu.bike/newsroom/yulu-completes-2-billion-km → pending (?ms, ?B)
[2026-06-17T18:05:01.913Z] GET https://www.googletagmanager.com/gtag/js?id=G-ZTRNHE6XJM → 200 (226ms, 560618B)
[2026-06-17T18:05:01.913Z] GET https://cdn.jsdelivr.net/npm/pdfobject@2.2.8/pdfobject.min.js → 200 (45ms, 5205B)
[2026-06-17T18:05:01.913Z] GET https://www.yulu.bike/newsroom/assets/vendor/js/jquery.min.js → 200 (260ms, 4243B)
[2026-06-17T18:05:01.913Z] GET https://www.yulu.bike/newsroom/assets/js/freshchat.js → 200 (285ms, 4243B)
[2026-06-17T18:05:01.913Z] GET https://unpkg.com/swiper@8/swiper-bundle.min.css → 302 (54ms, ?B)
[2026-06-17T18:05:01.913Z] GET https://www.yulu.bike/assets/vendor/js/jquery.min.js → 200 (79ms, 86927B)
[2026-06-17T18:05:01.913Z] GET https://maps.googleapis.com/maps/api/js?key=AIzaSyBW9FnCjdmREZGt0egIQWOkIlWq1uQ45Ro → 200 (402ms, 312747B)
[2026-06-17T18:05:01.913Z] GET https://cdn.jsdelivr.net/npm/swiper@9/swiper-element-bundle.min.js → 200 (46ms, 169600B)
[2026-06-17T18:05:01.913Z] GET https://www.yulu.bike/runtime.bf68212f5e7a07889f1f.js → 200 (310ms, 3220B)
[2026-06-17T18:05:01.913Z] GET https://www.yulu.bike/polyfills.94d93d29f1e3b43e60f6.js → 200 (338ms, 33907B)
[2026-06-17T18:05:01.914Z] GET https://www.yulu.bike/main.8bc83850f865d77da440.js → 200 (456ms, 1051314B)
[2026-06-17T18:05:01.959Z] GET https://connect.facebook.net/en_US/fbevents.js → 200 (483ms, 378758B)
[2026-06-17T18:05:01.967Z] GET https://unpkg.com/swiper@8.4.7/swiper-bundle.min.css → 200 (20ms, 16493B)
[2026-06-17T18:05:02.170Z] POST https://analytics.google.com/g/collect?v=2&tid=G-ZTRNHE6XJM&gtm=45je66g0v9112455448za200zd9112455448&_p=1781719501958&_gaz=1&gcd=13l3l3l3l1l1&npa=0&dma=0&_eu=AAAAAGAC&are=1&cid=1162356256.1781719502&frm=0&pscdl=noapi&rcb=5&sr=1280x720&uaa=arm&uab=64&uafvl=Not%253AA-Brand%3B99.0.0.0%7CHeadlessChrome%3B145.0.7632.6%7CChromium%3B145.0.7632.6&uam=&uamb=0&uap=macOS&uapv=26.3.1&uaw=0&ul=en-us&gaf=2&_s=1&tag_exp=115938465~115938468~118395333~119392696~119392704~119456239~119456247&sid=1781719502&sct=1&seg=0&dl=https%3A%2F%2Fwww.yulu.bike%2Fnewsroom%2Fyulu-completes-2-billion-km&dt=Yulu%20Website&en=page_view&_fv=1&_nsi=1&_ss=1&_ee=1&tfd=359 → 204 (96ms, ?B)
[2026-06-17T18:05:02.170Z] POST https://stats.g.doubleclick.net/g/collect?v=2&tid=G-ZTRNHE6XJM&cid=1162356256.1781719502&gtm=45je66g0v9112455448za200zd9112455448&rcb=5&aip=1&dma=0&gcd=13l3l3l3l1l1&npa=0&frm=0&tag_exp=115938465~115938468~118395333~119392696~119392704~119456239~119456247 → 204 (175ms, ?B)
[2026-06-17T18:05:02.170Z] GET https://www.google.co.in/ads/ga-audiences?v=1&t=sr&slf_rd=1&_r=4&tid=G-ZTRNHE6XJM&cid=1162356256.1781719502&gtm=45je66g0v9112455448za200zd9112455448&rcb=5&aip=1&dma=0&gcd=13l3l3l3l1l1&npa=0&frm=0&tag_exp=115938465~115938468~118395333~119392696~119392704~119456239~119456247&z=1716888180 → 200 (280ms, 42B)
[2026-06-17T18:05:02.343Z] GET https://maps.googleapis.com/maps/api/mapsjs/gen_204?csp_test=true → 200 (105ms, 3B)
[2026-06-17T18:05:02.346Z] GET https://www.yulu.bike/styles.a3dc1bb2d2bdd58403c7.css → 200 (95ms, 164051B)
[2026-06-17T18:05:02.439Z] GET https://www.yulu.bike/881.89804c2ea5177264c82f.js → pending (?ms, ?B)
[2026-06-17T18:05:02.472Z] GET https://connect.facebook.net/signals/config/827968314437148?v=2.9.338&r=stable&domain=www.yulu.bike&hme=ed806287581422089c496fd485507306546b2937977788da80b80247d3e2e94b&ex_m=105%2C208%2C156%2C22%2C73%2C74%2C147%2C69%2C68%2C11%2C165%2C91%2C16%2C139%2C128%2C39%2C76%2C79%2C135%2C161%2C167%2C8%2C4%2C5%2C7%2C6%2C3%2C92%2C102%2C168%2C173%2C222%2C30%2C75%2C234%2C233%2C232%2C23%2C33%2C55%2C104%2C61%2C10%2C64%2C98%2C99%2C100%2C106%2C131%2C31%2C29%2C133%2C134%2C130%2C129%2C157%2C77%2C160%2C158%2C159%2C50%2C60%2C124%2C15%2C164%2C45%2C267%2C268%2C266%2C26%2C27%2C28%2C48%2C148%2C78%2C113%2C18%2C20%2C44%2C40%2C42%2C41%2C84%2C93%2C97%2C111%2C146%2C149%2C46%2C112%2C24%2C21%2C120%2C70%2C36%2C151%2C150%2C152%2C143%2C141%2C25%2C35%2C59%2C110%2C163%2C71%2C17%2C154%2C115%2C82%2C67%2C19%2C86%2C87%2C117%2C85%2C137%2C136%2C140%2C162%2C34%2C281%2C297%2C215%2C204%2C62%2C205%2C203%2C300%2C291%2C52%2C216%2C108%2C132%2C81%2C122%2C54%2C47%2C49%2C114%2C121%2C127%2C126%2C58%2C65%2C63%2C153%2C116%2C37%2C32%2C53%2C56%2C101%2C166%2C1%2C125%2C14%2C123%2C12%2C2%2C57%2C94%2C66%2C119%2C90%2C89%2C169%2C170%2C95%2C96%2C9%2C103%2C51%2C144%2C88%2C80%2C72%2C118%2C107%2C43%2C145%2C0%2C83%2C138%2C142%2C155%2C38%2C109%2C13%2C171 → 200 (21ms, 246909B)
[2026-06-17T18:05:02.560Z] GET https://www.yulu.bike/newsroom/yulu-crosses-1-billion-km → pending (?ms, ?B)
[2026-06-17T18:05:02.920Z] POST https://analytics.google.com/g/collect?v=2&tid=G-ZTRNHE6XJM&gtm=45je66g0v9112455448za200zd9112455448&_p=1781719501958&gcd=13l3l3l3l1l1&npa=0&dma=0&_eu=AEAAAGQC&ae=a&are=1&cid=1162356256.1781719502&frm=0&pscdl=noapi&rcb=5&sr=1280x720&uaa=arm&uab=64&uafvl=Not%253AA-Brand%3B99.0.0.0%7CHeadlessChrome%3B145.0.7632.6%7CChromium%3B145.0.7632.6&uam=&uamb=0&uap=macOS&uapv=26.3.1&uaw=0&ul=en-us&gaf=2&_s=2&tag_exp=115938465~115938468~118395333~119392696~119392704~119456239~119456247&sid=1781719502&sct=1&seg=0&dl=https%3A%2F%2Fwww.yulu.bike%2Fnewsroom%2Fyulu-completes-2-billion-km&dt=Yulu%20Website&en=scroll&epn.percent_scrolled=90&_et=5&tfd=1108 → pending (?ms, ?B)
[2026-06-17T18:05:02.920Z] POST https://www.google.com/g/collect?v=2&tid=G-ZTRNHE6XJM&gtm=45je66g0v9112455448za200zd9112455448&_p=1781719501958&gcd=13l3l3l3l1l1&npa=0&dma=0&_eu=AEAAAGQC&ae=a&are=1&cid=1162356256.1781719502&frm=0&pscdl=noapi&rcb=5&sr=1280x720&uaa=arm&uab=64&uafvl=Not%253AA-Brand%3B99.0.0.0%7CHeadlessChrome%3B145.0.7632.6%7CChromium%3B145.0.7632.6&uam=&uamb=0&uap=macOS&uapv=26.3.1&uaw=0&ul=en-us&gaf=3&_s=2&tag_exp=115938465%7E115938468%7E118395333%7E119392696%7E119392704%7E119456239%7E119456247&sid=1781719502&sct=1&seg=0&dl=https%3A%2F%2Fwww.yulu.bike%2Fnewsroom%2Fyulu-completes-2-billion-km&dt=Yulu+Website&en=scroll&epn.percent_scrolled=90&_et=5&tfd=1108 → pending (?ms, ?B)
[2026-06-17T18:05:02.923Z] GET https://www.googletagmanager.com/gtag/js?id=G-ZTRNHE6XJM → 200 (?ms, 560618B)
[2026-06-17T18:05:02.923Z] GET https://cdn.jsdelivr.net/npm/pdfobject@2.2.8/pdfobject.min.js → 200 (?ms, 5205B)
[2026-06-17T18:05:02.924Z] GET https://www.yulu.bike/newsroom/assets/vendor/js/jquery.min.js → 200 (?ms, 4243B)
[2026-06-17T18:05:02.924Z] GET https://www.yulu.bike/newsroom/assets/js/freshchat.js → 200 (?ms, 4243B)
[2026-06-17T18:05:02.924Z] GET https://unpkg.com/swiper@8/swiper-bundle.min.css → 200 (1ms, 16493B)
[2026-06-17T18:05:02.925Z] GET https://www.yulu.bike/assets/vendor/js/jquery.min.js → 200 (?ms, 86927B)
[2026-06-17T18:05:02.925Z] GET https://maps.googleapis.com/maps/api/js?key=AIzaSyBW9FnCjdmREZGt0egIQWOkIlWq1uQ45Ro → 200 (?ms, 312747B)
[2026-06-17T18:05:02.925Z] GET https://cdn.jsdelivr.net/npm/swiper@9/swiper-element-bundle.min.js → 200 (1ms, 169600B)
[2026-06-17T18:05:02.926Z] GET https://www.yulu.bike/runtime.bf68212f5e7a07889f1f.js → 200 (?ms, 3220B)
[2026-06-17T18:05:02.926Z] GET https://www.yulu.bike/polyfills.94d93d29f1e3b43e60f6.js → 200 (?ms, 33907B)
[2026-06-17T18:05:02.926Z] GET https://www.yulu.bike/main.8bc83850f865d77da440.js → 200 (1ms, 1051314B)
[2026-06-17T18:05:02.932Z] GET https://connect.facebook.net/en_US/fbevents.js → 200 (?ms, 378758B)
[2026-06-17T18:05:02.936Z] GET https://maps.googleapis.com/maps/api/mapsjs/gen_204?csp_test=true → 200 (59ms, 3B)
[2026-06-17T18:05:02.936Z] GET https://www.yulu.bike/styles.a3dc1bb2d2bdd58403c7.css → 200 (?ms, 164051B)
[2026-06-17T18:05:02.974Z] GET https://www.yulu.bike/881.89804c2ea5177264c82f.js → 200 (14ms, 2995754B)
[2026-06-17T18:05:03.022Z] GET https://blogs.yulu.bike/api/header?populate[Logo]=%2A&populate[main_menu][populate][Menu_List][populate][Sub_Menu][populate][Menu_List][populate][0]=Menu_Item_Image&populate[main_menu][populate][Menu_List][populate][Sub_Menu][populate][Menu_List][populate][1]=Menu_Item_Hover_Image&populate[secondary_menu][populate]=%2A → 200 (266ms, 7572B)
[2026-06-17T18:05:03.022Z] GET https://blogs.yulu.bike/api/footer?populate[Logo]=%2A&populate[Sec1_Menu][populate][0]=Menu_List&populate[Sec2_Menu][populate][0]=Menu_List → 200 (256ms, 2870B)
[2026-06-17T18:05:03.023Z] GET https://blogs.yulu.bike/api/lookups?populate[Additional_Info][populate]=%2A → 200 (251ms, 28619B)
[2026-06-17T18:05:03.023Z] GET https://www.yulu.bike/assets/vendor/js/popper.min.js → 200 (24ms, 19033B)
[2026-06-17T18:05:03.023Z] GET https://www.yulu.bike/assets/vendor/js/bootstrap.min.js → 200 (24ms, 58072B)
[2026-06-17T18:05:03.024Z] GET https://www.yulu.bike/assets/js/custom.js → 200 (23ms, 3386B)
[2026-06-17T18:05:03.024Z] GET https://www.yulu.bike/assets/vendor/js/match-height.js → 200 (23ms, 11777B)
[2026-06-17T18:05:03.024Z] GET https://www.yulu.bike/assets/vendor/js/yall.min.js → 200 (23ms, 1535B)
[2026-06-17T18:05:03.025Z] GET https://blogs.yulu.bike/api/news-and-media-articles/?populate[Image][populate]=%2A&populate[Article_Types][populate][0]=Article_Type&populate[Press_Document][populate]=%2A&filters[Slug][$eq]=yulu-crosses-1-billion-km → 200 (257ms, 82B)
[2026-06-17T18:05:03.046Z] GET https://www.yulu.bike/CircularStd-Book_2.28c77f3e7c6ac952d747.woff2 → 200 (95ms, 24916B)
[2026-06-17T18:05:03.046Z] POST https://analytics.google.com/g/collect?v=2&tid=G-ZTRNHE6XJM&gtm=45je66g0v9112455448za200zd9112455448&_p=1781719502923&gcd=13l3l3l3l1l1&npa=0&dma=0&_eu=AAAAAGQC&are=1&cid=1162356256.1781719502&frm=0&pscdl=noapi&rcb=5&sr=1280x720&uaa=arm&uab=64&uafvl=Not%253AA-Brand%3B99.0.0.0%7CHeadlessChrome%3B145.0.7632.6%7CChromium%3B145.0.7632.6&uam=&uamb=0&uap=macOS&uapv=26.3.1&uaw=0&ul=en-us&gaf=2&_s=1&tag_exp=115616986~115938466~115938468~119348850~119392696~119392704~119456239~119456247~119588919&sid=1781719502&sct=1&seg=1&dl=https%3A%2F%2Fwww.yulu.bike%2Fnewsroom%2Fyulu-crosses-1-billion-km&dt=Yulu%20Website&en=page_view&_ee=1&tfd=484 → 204 (95ms, ?B)
[2026-06-17T18:05:03.059Z] GET https://connect.facebook.net/signals/config/827968314437148?v=2.9.338&r=stable&domain=www.yulu.bike&hme=ed806287581422089c496fd485507306546b2937977788da80b80247d3e2e94b&ex_m=105%2C208%2C156%2C22%2C73%2C74%2C147%2C69%2C68%2C11%2C165%2C91%2C16%2C139%2C128%2C39%2C76%2C79%2C135%2C161%2C167%2C8%2C4%2C5%2C7%2C6%2C3%2C92%2C102%2C168%2C173%2C222%2C30%2C75%2C234%2C233%2C232%2C23%2C33%2C55%2C104%2C61%2C10%2C64%2C98%2C99%2C100%2C106%2C131%2C31%2C29%2C133%2C134%2C130%2C129%2C157%2C77%2C160%2C158%2C159%2C50%2C60%2C124%2C15%2C164%2C45%2C267%2C268%2C266%2C26%2C27%2C28%2C48%2C148%2C78%2C113%2C18%2C20%2C44%2C40%2C42%2C41%2C84%2C93%2C97%2C111%2C146%2C149%2C46%2C112%2C24%2C21%2C120%2C70%2C36%2C151%2C150%2C152%2C143%2C141%2C25%2C35%2C59%2C110%2C163%2C71%2C17%2C154%2C115%2C82%2C67%2C19%2C86%2C87%2C117%2C85%2C137%2C136%2C140%2C162%2C34%2C281%2C297%2C215%2C204%2C62%2C205%2C203%2C300%2C291%2C52%2C216%2C108%2C132%2C81%2C122%2C54%2C47%2C49%2C114%2C121%2C127%2C126%2C58%2C65%2C63%2C153%2C116%2C37%2C32%2C53%2C56%2C101%2C166%2C1%2C125%2C14%2C123%2C12%2C2%2C57%2C94%2C66%2C119%2C90%2C89%2C169%2C170%2C95%2C96%2C9%2C103%2C51%2C144%2C88%2C80%2C72%2C118%2C107%2C43%2C145%2C0%2C83%2C138%2C142%2C155%2C38%2C109%2C13%2C171 → 200 (1ms, 246909B)
[2026-06-17T18:05:03.278Z] GET https://yulu-blogs-cdn.yulu.bike/Yulu_Logo_903d3c4e9b.svg → 200 (70ms, 5358B)
[2026-06-17T18:05:03.279Z] GET https://yulu-blogs-cdn.yulu.bike/g_play_fff975e68e.svg → 200 (69ms, 10561B)
[2026-06-17T18:05:03.279Z] GET https://yulu-blogs-cdn.yulu.bike/app_store_ece7bc14c3.svg → 200 (69ms, 14626B)
[2026-06-17T18:05:03.279Z] GET https://yulu-blogs-cdn.yulu.bike/fb_39eb3068a7.svg → 200 (70ms, 1486B)
[2026-06-17T18:05:03.279Z] GET https://yulu-blogs-cdn.yulu.bike/instagram_dd68e02b61.svg → 200 (70ms, 5265B)
[2026-06-17T18:05:03.279Z] GET https://yulu-blogs-cdn.yulu.bike/linkdn_d752bbb5b5.svg → 200 (70ms, 2356B)
[2026-06-17T18:05:03.279Z] GET https://yulu-blogs-cdn.yulu.bike/twittr_8da7ec071d.svg → 200 (79ms, 2794B)
[2026-06-17T18:05:03.279Z] GET https://yulu-blogs-cdn.yulu.bike/youtube_f13b5633dc.svg → 200 (80ms, 2144B)
[2026-06-17T18:05:03.282Z] GET https://www.yulu.bike/Heebo-Regular.6f874f8960d45069aad7.ttf → 200 (28ms, 82452B)
[2026-06-17T18:05:03.285Z] GET https://blogs.yulu.bike/api/news-room-page?populate%5BSec1_Image%5D%5Bpopulate%5D=%2A&populate%5BMediaKit%5D%5Bpopulate%5D=%2A → 200 (62ms, 2349B)
[2026-06-17T18:05:03.288Z] GET https://yulu-blogs-cdn.yulu.bike/Wynn_product_image_4dda946a62.png → 200 (71ms, 5263B)
[2026-06-17T18:05:03.288Z] GET https://yulu-blogs-cdn.yulu.bike/Miracle_icon_for_web_74fcade0b2.png → 200 (71ms, 14054B)
[2026-06-17T18:05:03.288Z] GET https://yulu-blogs-cdn.yulu.bike/dex_menu_icon_a0e93e774d.png → 200 (71ms, 9196B)
[2026-06-17T18:05:03.288Z] GET https://yulu-blogs-cdn.yulu.bike/Miracle_3_0_Icon_1_8066f4fdad.png → 200 (104ms, 9946B)
[2026-06-17T18:05:03.288Z] GET https://yulu-blogs-cdn.yulu.bike/Dex3_0_icon_1_15a3ab833f.png → 200 (72ms, 10864B)
[2026-06-17T18:05:03.347Z] GET https://blogs.yulu.bike/api/news-and-media-articles?filters%5BArticle_Types%5D%5BArticle_Type%5D%5B%24eq%5D=Press%20Release&populate%5BImage%5D%5Bpopulate%5D=%2A&populate%5BArticle_Types%5D%5Bpopulate%5D%5B0%5D=Article_Type&pagination%5Bstart%5D=0&pagination%5Blimit%5D=9&sort%5B0%5D=Published_Date%3Adesc → 200 (62ms, 35268B)
[2026-06-17T18:05:03.347Z] GET https://www.yulu.bike/assets/images/noBlogs-illustration.png → 200 (23ms, 25480B)
[2026-06-17T18:05:03.352Z] GET https://yulu-blogs-cdn.yulu.bike/Press_Media_aed7e09da8.jpg → 200 (14ms, 482293B)
[2026-06-17T18:05:03.352Z] GET https://www.yulu.bike/CircularStd-Bold_3.69efa3cc9c27880fd23b.woff2 → 200 (28ms, 28600B)
[2026-06-17T18:05:03.409Z] GET https://yulu-blogs-cdn.yulu.bike/large_Yulu_Enters_Bhopal_Expands_Footprint_in_Central_India_a08379450a.jpeg → 200 (10ms, 159585B)
[2026-06-17T18:05:03.409Z] GET https://yulu-blogs-cdn.yulu.bike/large_Yulu_s_co_founders_from_L_R_Amit_Gupta_Naveen_Dachuri_RK_Misra_and_Anuj_Tewari_0943b12d6a.JPG → 200 (13ms, 99673B)
[2026-06-17T18:05:03.409Z] GET https://yulu-blogs-cdn.yulu.bike/large_Yulu_Co_founders_bdeaba18ee.png → 200 (13ms, 1400633B)
[2026-06-17T18:05:03.409Z] GET https://yulu-blogs-cdn.yulu.bike/large_Yulu_Marks_National_Road_Safety_Month_64f59c9db8.jpeg → 200 (14ms, 140356B)
[2026-06-17T18:05:03.409Z] GET https://yulu-blogs-cdn.yulu.bike/large_Yulu_launch_in_Zirakpur_e68698fa9d.jpg → 200 (14ms, 175005B)
[2026-06-17T18:05:03.409Z] GET https://yulu-blogs-cdn.yulu.bike/large_Yulu_Launches_India_s_First_Whats_App_based_Road_Safety_Learning_d06eb79888.jpg → 200 (14ms, 86258B)
[2026-06-17T18:05:03.409Z] GET https://yulu-blogs-cdn.yulu.bike/large_Yulu_and_Electrie_jointly_flag_off_their_shared_EV_mobility_service_in_Kolkata_f7ecc2d0a7.JPG → 200 (13ms, 109384B)
[2026-06-17T18:05:03.409Z] GET https://yulu-blogs-cdn.yulu.bike/large_Yulu_Expands_Its_Shared_EV_Mobility_Service_to_Vadodara_917533be16.JPG → 200 (14ms, 150241B)
[2026-06-17T18:05:03.409Z] GET https://yulu-blogs-cdn.yulu.bike/large_Yulu_Co_founders_e4b9f254ca.png → 200 (14ms, 1400633B)
[2026-06-17T18:05:03.413Z] GET https://www.yulu.bike/Heebo-Black.0675f276612c5b3da0b4.ttf → 200 (24ms, 87376B)
[2026-06-17T18:05:07.942Z] GET https://maps.googleapis.com/maps-api-v3/api/js/64/14a/common.js → 200 (71ms, 126563B)
[2026-06-17T18:05:07.942Z] GET https://maps.googleapis.com/maps-api-v3/api/js/64/14a/util.js → 200 (80ms, 309477B)
[2026-06-17T18:05:08.046Z] POST https://analytics.google.com/g/collect?v=2&tid=G-ZTRNHE6XJM&gtm=45je66g0v9112455448za200zd9112455448&_p=1781719502923&gcd=13l3l3l3l1l1&npa=0&dma=0&_eu=AEAAAGQC&ae=a&are=1&cid=1162356256.1781719502&frm=0&pscdl=noapi&rcb=5&sr=1280x720&uaa=arm&uab=64&uafvl=Not%253AA-Brand%3B99.0.0.0%7CHeadlessChrome%3B145.0.7632.6%7CChromium%3B145.0.7632.6&uam=&uamb=0&uap=macOS&uapv=26.3.1&uaw=0&ul=en-us&gaf=2&tag_exp=115616986~115938466~115938468~119348850~119392696~119392704~119456239~119456247~119588919&sid=1781719502&sct=1&seg=1&dl=https%3A%2F%2Fwww.yulu.bike%2Fnewsroom%2Fyulu-crosses-1-billion-km&dt=NewsRoom&_s=2&tfd=5485 → 204 (49ms, ?B)
