{"type":"server-started","port":49539,"host":"127.0.0.1","url_host":"localhost","url":"http://localhost:49539","screen_dir":"/Users/vaishnavijawdekar/Claude_Projects/vaishnavi-portfolio/.superpowers/brainstorm/16954-1778779478/content","state_dir":"/Users/vaishnavijawdekar/Claude_Projects/vaishnavi-portfolio/.superpowers/brainstorm/16954-1778779478/state"}
{"type":"screen-added","file":"/Users/vaishnavijawdekar/Claude_Projects/vaishnavi-portfolio/.superpowers/brainstorm/16954-1778779478/content/project-card-concepts.html"}
{"type":"screen-added","file":"/Users/vaishnavijawdekar/Claude_Projects/vaishnavi-portfolio/.superpowers/brainstorm/16954-1778779478/content/visa-stamp-explorations.html"}
{"type":"screen-added","file":"/Users/vaishnavijawdekar/Claude_Projects/vaishnavi-portfolio/.superpowers/brainstorm/16954-1778779478/content/real-visa-concepts.html"}
{"type":"screen-added","file":"/Users/vaishnavijawdekar/Claude_Projects/vaishnavi-portfolio/.superpowers/brainstorm/16954-1778779478/content/visa-custom-world.html"}
{"type":"screen-added","file":"/Users/vaishnavijawdekar/Claude_Projects/vaishnavi-portfolio/.superpowers/brainstorm/16954-1778779478/content/visa-image-top.html"}
{"type":"screen-added","file":"/Users/vaishnavijawdekar/Claude_Projects/vaishnavi-portfolio/.superpowers/brainstorm/16954-1778779478/content/visa-color-options.html"}
{"type":"screen-added","file":"/Users/vaishnavijawdekar/Claude_Projects/vaishnavi-portfolio/.superpowers/brainstorm/16954-1778779478/content/visa-passport-style.html"}
{"type":"screen-added","file":"/Users/vaishnavijawdekar/Claude_Projects/vaishnavi-portfolio/.superpowers/brainstorm/16954-1778779478/content/visa-light-fixed.html"}
{"type":"screen-added","file":"/Users/vaishnavijawdekar/Claude_Projects/vaishnavi-portfolio/.superpowers/brainstorm/16954-1778779478/content/visa-no-grid.html"}
{"type":"screen-added","file":"/Users/vaishnavijawdekar/Claude_Projects/vaishnavi-portfolio/.superpowers/brainstorm/16954-1778779478/content/visa-final.html"}
{"type":"screen-added","file":"/Users/vaishnavijawdekar/Claude_Projects/vaishnavi-portfolio/.superpowers/brainstorm/16954-1778779478/content/visa-v2.html"}
{"type":"screen-added","file":"/Users/vaishnavijawdekar/Claude_Projects/vaishnavi-portfolio/.superpowers/brainstorm/16954-1778779478/content/visa-minimal.html"}
{"type":"screen-updated","file":"/Users/vaishnavijawdekar/Claude_Projects/vaishnavi-portfolio/.superpowers/brainstorm/16954-1778779478/content/visa-minimal.html"}
{"type":"screen-updated","file":"/Users/vaishnavijawdekar/Claude_Projects/vaishnavi-portfolio/.superpowers/brainstorm/16954-1778779478/content/visa-minimal.html"}
{"type":"screen-added","file":"/Users/vaishnavijawdekar/Claude_Projects/vaishnavi-portfolio/.superpowers/brainstorm/16954-1778779478/content/visa-stamp-feel.html"}
{"type":"screen-updated","file":"/Users/vaishnavijawdekar/Claude_Projects/vaishnavi-portfolio/.superpowers/brainstorm/16954-1778779478/content/visa-minimal.html"}
{"type":"screen-updated","file":"/Users/vaishnavijawdekar/Claude_Projects/vaishnavi-portfolio/.superpowers/brainstorm/16954-1778779478/content/visa-minimal.html"}
{"type":"screen-updated","file":"/Users/vaishnavijawdekar/Claude_Projects/vaishnavi-portfolio/.superpowers/brainstorm/16954-1778779478/content/visa-minimal.html"}
{"type":"screen-updated","file":"/Users/vaishnavijawdekar/Claude_Projects/vaishnavi-portfolio/.superpowers/brainstorm/16954-1778779478/content/visa-minimal.html"}
{"type":"screen-updated","file":"/Users/vaishnavijawdekar/Claude_Projects/vaishnavi-portfolio/.superpowers/brainstorm/16954-1778779478/content/visa-minimal.html"}
{"type":"screen-updated","file":"/Users/vaishnavijawdekar/Claude_Projects/vaishnavi-portfolio/.superpowers/brainstorm/16954-1778779478/content/visa-minimal.html"}
{"type":"screen-updated","file":"/Users/vaishnavijawdekar/Claude_Projects/vaishnavi-portfolio/.superpowers/brainstorm/16954-1778779478/content/visa-minimal.html"}
{"type":"screen-updated","file":"/Users/vaishnavijawdekar/Claude_Projects/vaishnavi-portfolio/.superpowers/brainstorm/16954-1778779478/content/visa-minimal.html"}
{"type":"screen-updated","file":"/Users/vaishnavijawdekar/Claude_Projects/vaishnavi-portfolio/.superpowers/brainstorm/16954-1778779478/content/visa-minimal.html"}
{"type":"screen-updated","file":"/Users/vaishnavijawdekar/Claude_Projects/vaishnavi-portfolio/.superpowers/brainstorm/16954-1778779478/content/visa-minimal.html"}
{"type":"screen-updated","file":"/Users/vaishnavijawdekar/Claude_Projects/vaishnavi-portfolio/.superpowers/brainstorm/16954-1778779478/content/visa-minimal.html"}
{"type":"screen-updated","file":"/Users/vaishnavijawdekar/Claude_Projects/vaishnavi-portfolio/.superpowers/brainstorm/16954-1778779478/content/visa-minimal.html"}
{"type":"screen-updated","file":"/Users/vaishnavijawdekar/Claude_Projects/vaishnavi-portfolio/.superpowers/brainstorm/16954-1778779478/content/visa-minimal.html"}
{"type":"screen-updated","file":"/Users/vaishnavijawdekar/Claude_Projects/vaishnavi-portfolio/.superpowers/brainstorm/16954-1778779478/content/visa-minimal.html"}
{"type":"screen-updated","file":"/Users/vaishnavijawdekar/Claude_Projects/vaishnavi-portfolio/.superpowers/brainstorm/16954-1778779478/content/visa-minimal.html"}
{"type":"screen-updated","file":"/Users/vaishnavijawdekar/Claude_Projects/vaishnavi-portfolio/.superpowers/brainstorm/16954-1778779478/content/visa-minimal.html"}
{"type":"screen-updated","file":"/Users/vaishnavijawdekar/Claude_Projects/vaishnavi-portfolio/.superpowers/brainstorm/16954-1778779478/content/visa-minimal.html"}
{"type":"screen-updated","file":"/Users/vaishnavijawdekar/Claude_Projects/vaishnavi-portfolio/.superpowers/brainstorm/16954-1778779478/content/visa-minimal.html"}
{"type":"screen-updated","file":"/Users/vaishnavijawdekar/Claude_Projects/vaishnavi-portfolio/.superpowers/brainstorm/16954-1778779478/content/visa-minimal.html"}
{"type":"screen-updated","file":"/Users/vaishnavijawdekar/Claude_Projects/vaishnavi-portfolio/.superpowers/brainstorm/16954-1778779478/content/visa-minimal.html"}
{"type":"screen-updated","file":"/Users/vaishnavijawdekar/Claude_Projects/vaishnavi-portfolio/.superpowers/brainstorm/16954-1778779478/content/visa-minimal.html"}
{"type":"screen-updated","file":"/Users/vaishnavijawdekar/Claude_Projects/vaishnavi-portfolio/.superpowers/brainstorm/16954-1778779478/content/visa-minimal.html"}
{"type":"screen-updated","file":"/Users/vaishnavijawdekar/Claude_Projects/vaishnavi-portfolio/.superpowers/brainstorm/16954-1778779478/content/visa-minimal.html"}
{"type":"screen-updated","file":"/Users/vaishnavijawdekar/Claude_Projects/vaishnavi-portfolio/.superpowers/brainstorm/16954-1778779478/content/visa-minimal.html"}
{"type":"screen-updated","file":"/Users/vaishnavijawdekar/Claude_Projects/vaishnavi-portfolio/.superpowers/brainstorm/16954-1778779478/content/visa-minimal.html"}
{"type":"screen-updated","file":"/Users/vaishnavijawdekar/Claude_Projects/vaishnavi-portfolio/.superpowers/brainstorm/16954-1778779478/content/visa-minimal.html"}
{"type":"screen-updated","file":"/Users/vaishnavijawdekar/Claude_Projects/vaishnavi-portfolio/.superpowers/brainstorm/16954-1778779478/content/visa-minimal.html"}
{"type":"screen-updated","file":"/Users/vaishnavijawdekar/Claude_Projects/vaishnavi-portfolio/.superpowers/brainstorm/16954-1778779478/content/visa-minimal.html"}
{"type":"screen-updated","file":"/Users/vaishnavijawdekar/Claude_Projects/vaishnavi-portfolio/.superpowers/brainstorm/16954-1778779478/content/visa-minimal.html"}
{"type":"screen-updated","file":"/Users/vaishnavijawdekar/Claude_Projects/vaishnavi-portfolio/.superpowers/brainstorm/16954-1778779478/content/visa-minimal.html"}
{"type":"screen-updated","file":"/Users/vaishnavijawdekar/Claude_Projects/vaishnavi-portfolio/.superpowers/brainstorm/16954-1778779478/content/visa-minimal.html"}
{"type":"server-stopped","reason":"idle timeout"}
